Content-Type: text/xml

<p>The request URL was: http://localhost/HelloCgiK</p>
<p>There was no query string.</p>
